// Jest Snapshot v1, https://goo.gl/fbAQLP

exports[`VehiclePopupContainer calls the query method on Apollo Client 1`] = `
<div>
  <div
    class="MuiPaper-root MuiCard-root makeStyles-root-1 MuiPaper-outlined MuiPaper-rounded"
  >
    <div
      class="MuiCardContent-root"
    >
      <p
        class="MuiTypography-root makeStyles-title-2 MuiTypography-body1 MuiTypography-colorTextSecondary"
      >
        1
      </p>
      <p
        class="MuiTypography-root MuiTypography-body2 MuiTypography-displayInline"
      >
        1-Lamar/South Congress SB
      </p>
      <p
        class="MuiTypography-root MuiTypography-body2 MuiTypography-displayBlock"
      >
        In Transit To
      </p>
       
      <p
        class="MuiTypography-root MuiTypography-body2 MuiTypography-displayBlock"
      >
        Lamar/Thurmond
      </p>
      <p
        class="MuiTypography-root makeStyles-title-2 MuiTypography-body1 MuiTypography-colorTextSecondary"
      >
        Updated 
        2 minutes ago
      </p>
    </div>
  </div>
</div>
`;
